外置 jar 数=264   含嵌套模组数=39   已知 modId 总数=321
modId 清单: acceleratedrendering, aci, ad_astra, aggroindicator, ali, alltheleaks, almanac, appleskin, apricityui, architectury, artifacts, asynclogger, asyncparticles, attributefix, attributeslib, automobility, balm, beachparty, bellsandwhistles, better_combat_reach_fix, betterbiomeblend, bettercombat, betterf3, betterstealth, biofactory, biomancy, biomespy, bookshelf, bulletarmorenchant, byepregen, caelus, catalogue, chat_heads, civil, civil_adventure, cloth_config, clumps, collections_of_optimizations, collective, colorwheel, colorwheel_patcher, computercraft, configured, constructionwand, controlling, copycats, coroutil, cosmeticarmorreworked, crafttweaker, create, create_biotech, create_blueprint_tweaks, create_connected, create_enchantment_industry, create_simple_generator, createaddition, createbetterfps, createdieselgenerators, createlazytick, createthreadedtrains, cuisinedelight, culllessleaves, cupboard, curios, customskinloader, customskinloader-bootstrap, damage_number, darkaltarui, deuf, disable_tools, dlc_manager, drippyloadingscreen, easy_villagers, eclipticseasons, efficient_hashing, embeddium, embeddium_extra, emi, emi_accelerator, emixx, enchantinginfuser, enchdesc, ending_library, enigmaticaddons, enigmaticdice, enigmaticlegacy, entityculling, euphoria_patcher, exhuashan_sporeai_fix, expandability, explorerscompass, ezactions, fancymenu, fancymenu_video, fantasy_ending, farmcollisionless, farmersdelight, fastali, fastfurnace, fastipping, fastleafdecay, fastquit, fastsuite, ferritecore, fib_mod, findme, fix_attack_lag, flerovium, flywheel, fmextension_audio, fmextension_video, forge, forgeconfigapiport, framework, ftbchunks, ftbessentials, ftblibrary, ftbquests, ftbranks, ftbteams, ftbultimine, ftbxmodcompat, fzzy_config, gateways, gbf, geckoanimfix, geckolib, geodes, gnetum, goeticlegacy, goety, goety_revelation, goetydelight, gpumemleakfix, harimt, hariplayer, harium, healingcampfire, hexcasting, hotai, ibeeditor, icterine, immediatelyfast, immersive_aircraft, immersive_optimization, inventoryhud, inventoryprofilesnext, invmove, irisflw, itemfilters, itemzoomer, jade, jadeaddons, jecharacters, jeed, jei, jsonate, just_enough_lightmans_trades, konkrete, kotlinforforge, kreno, kubejs, kubejs_create, kubejs_goety, kuma_api, l2library, lanserverproperties, lcompat, lctech, ldip, legendarysurvivaloverhaul, libipn, lightmanscurrency, lightmansdiscord, lightspeed, lmft, logbegone, lootjs, lootr, lrtactical, ltc2, luckperms, mafglib, majruszlibrary, majruszsdifficulty, meadow, melody, minecraft, misanthropyquestadditionsomg, mixinextras, mixinsquared, modernfix, modernui, moonlight, morerelics, morevillagers, mousetweaks, mr_lukis_grandcapitals, naturescompass, neoforge, nerb, neruina, netmusic, newnew_attributes, nochatreports, octolib, oculus, oelib, opack2reload, openloader, openpartiesandclaims, overflowingbars, oworld2create, patchouli, placebo, playeranimator, polymorph, ponder, ponderer, powerful_dummy, powerfuljs, probejs, puzzlesaccessapi, puzzleslib, quantified, quest_enhance, questborne, questsadditions, railways, randomoptimization, rarcompat, rebornstorage, reccomplex, refinedpolymorph, refinedstorage, refinedstorageaddons, rei, relics, resourcefulconfig, resourcify, revelationfix, rhino, riautomobility, roberts_game_tweaks, rosmontislib, roughlyenoughitems, rrls, rsinfinitybooster, rtsbuilding, rubidium, ruokmod, searchables, searchonmcmod, sentrymechanicalarm, sereneseasons, servercore, shouldersurfing, showcaseitem, simplebedrockmodel, smartkeyprompts, smsn, sodium, sona, soph_upgrade_addons, sophisticatedbackpacks, sophisticatedcore, sophisticatedstorage, spark, spawnermod, spectrelib, spore, spore_performance, sporesrp, structure_layout_optimizer, sweeper_maid, taa, tacz, tacz_unidict, taczaccelerated, taczexpands, tag, tarotcards, taxfreelevels, tetra, textrues_embeddium_options, theoneprobe, threatengl, tiab, tickrateapi, titanium, tongdarailway_for_forge, tooltipoverhaul, toomanyrecipeviewers, torchesbecomesunlight, torchmaster, touhoulittlemaid, trashslot, travelerstitles, tweakerge, universalenchants, universalgrid, visual_keybinder, visual_recipe_editor, visual_set_edit, visualjs, voicechat, voicechat_api, watermedia, watut, waystones, worldedit, xaerobetterpvp, xaerolib, xaerominimap, xaeroworldmap, yeetusexperimentus, yes_steve_model, you_two_fight_for_me, yungsapi, zfastnoise, zstdnet

=== 匹配成功 249 / 共 331 ===
   QuantifiedAPI/                               -> quantified             [包含] quantified api-omni-2.2.0.jar
   RuOK.toml                                    -> ruokmod                [包含] ruok-forge_1.20.1_Pre-Release_6-1.7.4.jar
   damage_number_type.toml                      -> damagenumber           [包含] 1.20.1-damage_number-2.0.5-all.jar
   embeddium-fingerprint.json                   -> embeddium              [包含] [思索者] ponderer-1.20.1-forge-1.10.4-all.jar
   embeddium-mixins.properties                  -> embeddium              [包含] [思索者] ponderer-1.20.1-forge-1.10.4-all.jar
   embeddium-options.json                       -> embeddium              [包含] [思索者] ponderer-1.20.1-forge-1.10.4-all.jar
   endinglib/                                   -> endinglibrary          [包含] GoetyRevelation-2.3.3fix(1).jar
   enigmatic_dice_1.3.1-1.20.1.json             -> enigmaticdice1311201   [jar名] EnigmaticDice-1.3.1-1.20.1.jar
   ferritecore-mixin.toml                       -> ferritecore            [包含] ferritecore-6.0.1-forge.jar
   ibeeditor-vault.dat                          -> ibeeditor              [包含] IBEEditor-1.20-2.2.8-forge.jar
   lcompat-nodes.txt                            -> lcompat                [包含] lcompat-1.20-0.1.2a.jar
   lightload.properties                         -> lightload              [jar名] lightload-1.0.1.jar
   modernfix-mixins.properties                  -> modernfix              [包含] modernfix-forge-5.27.77+mc1.20.1.jar
   resourceful-config-web.json                  -> resourcefulconfig      [包含] resourcefulconfig-forge-1.20.1-2.1.3.jar
   sodium-extra.properties                      -> sodium                 [包含] [思索者] ponderer-1.20.1-forge-1.10.4-all.jar
   sodiumextras-client.toml                     -> sodium                 [包含] [思索者] ponderer-1.20.1-forge-1.10.4-all.jar
   sporeconfig.toml                             -> spore                  [包含] [真菌感染：性能优化]spore_performance-1.0.5.jar
   sporedata.toml                               -> spore                  [包含] [真菌感染：性能优化]spore_performance-1.0.5.jar
   touhou_little_maid_spell-common.toml         -> touhoulittlemaid       [包含] [真菌感染：性能优化]spore_performance-1.0.5.jar
   travelerstitles-forge-1_20.toml              -> travelerstitles        [包含] TravelersTitles-1.20-Forge-4.0.2.jar
   xaero/                                       -> xaerolib               [包含] xaerominimap-forge-1.20.1-26.4.2.jar
   you_two_fight_for_me_factions.dat            -> youtwofightforme       [包含] [你们两个给我打一架] you_two_fight_for_me-1.0.3-forge-1.20.1.jar
   zfastnoise.mixin.properties                  -> zfastnoise             [包含] zfastnoise-1.0.13+1.20+forge.jar

=== 未找到对应模组 (82) ===
   [DIR ] OED                                            0 files
   [FILE] baublesreforked-common.toml                     23142 B
   [FILE] bridgingmod.json                                  547 B
   [FILE] cerulean-client.toml                              170 B
   [FILE] cerulean-common.toml                               51 B
   [FILE] cerulean.yml                                     2514 B
   [FILE] chloride-client.json                             1925 B
   [FILE] chunksending.json                                 310 B
   [FILE] confluence-client.toml                            184 B
   [FILE] confluence-common.toml                          10573 B
   [FILE] create_central_kitchen-common.toml               1314 B
   [FILE] despawntweaks-common.toml                         577 B
   [FILE] dimdungeons-client.toml                           290 B
   [FILE] dimdungeons-common-r190.toml                    58901 B
   [FILE] dimdungeons-common-r207.toml                    58913 B
   [FILE] dlc_update_test.txt                                22 B
   [FILE] dummmmmmy-client.toml                            1616 B
   [FILE] dummmmmmy-common.toml                            1278 B
   [FILE] emi_loot_config.toml                              968 B
   [FILE] entity_model_features.json                       1145 B
   [FILE] entity_texture_features.json                     1459 B
   [FILE] etf_warnings.json                                  30 B
   [DIR ] fabric                                         1 files
   [FILE] farsight.json                                     941 B
   [FILE] fastbench.cfg                                     542 B
   [FILE] fml.toml                                         1148 B
   [FILE] guideme.toml                                      563 B
   [FILE] imblocker.json                                    981 B
   [DIR ] incontrol                                      13 files
   [FILE] ironfurnaces-client.toml                         7308 B
   [FILE] ironfurnaces.toml                                   0 B
   [FILE] ixeris.toml                                      2141 B
   [FILE] jeresources-common.toml                           236 B
   [FILE] jeresources.toml                                  236 B
   [FILE] krypton_fnp.yaml                                  468 B
   [DIR ] l2_configs                                     6 files
   [DIR ] latiaocraft2-ltc2                              7 files
   [FILE] lazyyyyy.general.json                              55 B
   [FILE] lazyyyyy.mixins.json                              443 B
   [DIR ] lc2h                                           0 files
   [FILE] lcompat_waystones.txt                            2790 B
   [FILE] letmedespawn.json                                  72 B
   [FILE] lithium.properties                                349 B
   [DIR ] lostcities                                     0 files
   [FILE] lsp.json                                          235 B
   [FILE] mcreator_mem_fix.json                              46 B
   [FILE] midnightlib.json                                   36 B
   [FILE] mtsconfig.json                                  13371 B
   [FILE] mtsconfigclient.json                            21727 B
   [FILE] nvidium-config.json                               248 B
   [FILE] optileaves.json                                    57 B
   [FILE] packetfixer.properties                            488 B
   [FILE] packmaster.toml                                  2730 B
   [FILE] particle_core_config.toml                         317 B
   [FILE] particle_core_disabled_optimizations_v2.json     1574 B
   [FILE] polymorph-integrations.toml                       333 B
   [FILE] quick boot.properties                            1126 B
   [FILE] recipeessentials.json                            1418 B
   [DIR ] registerhelper                                 2 files
   [FILE] renderscale.json5                                  38 B
   [FILE] rhenium-common.toml                               259 B
   [FILE] shirium-client.toml                              2426 B
   [FILE] sidebar_buttons.json                              297 B
   [FILE] smoothboot.json                                   211 B
   [FILE] smoothchunk.json                                  602 B
   [FILE] sodium-extra-options.json                        1565 B
   [FILE] taa-attributes.toml                              1077 B
   [FILE] tacz_optimization-client.toml                    1370 B
   [FILE] taczaddon-client.toml                            1424 B
   [FILE] tmrv_plugins.json5                               1371 B
   [FILE] trade_cycling-client.toml                         131 B
   [DIR ] trades                                         3 files
   [FILE] transition.json                                    65 B
   [FILE] trender.json                                       44 B
   [FILE] village_mod-common.toml                           316 B
   [FILE] vmp.properties                                    592 B
   [FILE] watut-item-arm-adjustments.json                  3367 B
   [FILE] wizard_terra_cuiros-common.toml                 17943 B
   [FILE] xaerohud.txt                                      122 B
   [FILE] xaeropatreon.txt                                    0 B
   [DIR ] xray                                           0 files
   [FILE] yacl.json5                                         37 B
